
No compatibility mode selected!


Circuit: 

Doing analysis at TEMP = 27.000000 and TNOM = 27.000000

Warning: toxe, toxp and dtox all given and toxe != toxp + dtox; dtox ignored.
Warning: singular matrix:  check nodes  and 

Warning: singular matrix:  check nodes  and 

Note: Starting dynamic gmin stepping
Trying gmin =   1.0000E-03 Note: One successful gmin step
Trying gmin =   1.0000E-04 Note: One successful gmin step
Trying gmin =   1.0000E-05 Note: One successful gmin step
Trying gmin =   1.0000E-06 Note: One successful gmin step
Trying gmin =   1.0000E-07 Note: One successful gmin step
Trying gmin =   1.0000E-08 Note: One successful gmin step
Trying gmin =   1.0000E-09 Note: One successful gmin step
Trying gmin =   1.0000E-10 Note: One successful gmin step
Trying gmin =   1.0000E-11 Note: One successful gmin step
Trying gmin =   1.0000E-12 Note: One successful gmin step
Trying gmin =   1.0000E-12 Note: One successful gmin step
Warning: singular matrix:  check nodes  and 

Warning: Dynamic gmin stepping failed
Note: Starting true gmin stepping
Trying gmin =   1.0000E-03 Warning: singular matrix:  check nodes  and 

Warning: Further gmin increment
Trying gmin =   5.6234E-03 Warning: singular matrix:  check nodes  and 

Warning: Further gmin increment
Trying gmin =   8.6596E-03 Warning: singular matrix:  check nodes  and 

Warning: Further gmin increment
Trying gmin =   9.6466E-03 Warning: singular matrix:  check nodes  and 

Warning: Further gmin increment
Trying gmin =   9.9105E-03 Warning: singular matrix:  check nodes  and 

Warning: Further gmin increment
Trying gmin =   9.9775E-03 Warning: singular matrix:  check nodes  and 

Warning: Further gmin increment
Trying gmin =   9.9944E-03 Warning: singular matrix:  check nodes  and 

Warning: Further gmin increment
Trying gmin =   9.9986E-03 Warning: singular matrix:  check nodes  and 

Warning: Further gmin increment
Trying gmin =   9.9996E-03 Warning: singular matrix:  check nodes  and 

Warning: Last gmin step failed
Warning: singular matrix:  check nodes  and 

Warning: True gmin stepping failed
Note: Starting source stepping
Supplies reduced to   0.0000% Warning: singular matrix:  check nodes  and 


Trying gmin =   1.0000E-02 Note: One successful gmin step
Trying gmin =   1.0000E-03 Note: One successful gmin step
Trying gmin =   1.0000E-04 Note: One successful gmin step
Trying gmin =   1.0000E-05 Note: One successful gmin step
Trying gmin =   1.0000E-06 Note: One successful gmin step
Trying gmin =   1.0000E-07 Note: One successful gmin step
Trying gmin =   1.0000E-08 Note: One successful gmin step
Trying gmin =   1.0000E-09 Note: One successful gmin step
Trying gmin =   1.0000E-10 Note: One successful gmin step
Trying gmin =   1.0000E-11 Note: One successful gmin step
Trying gmin =   1.0000E-12 Note: One successful gmin step
Note: One successful source step
Supplies reduced to   0.1000% Warning: singular matrix:  check nodes  and 

Supplies reduced to   0.0000% Warning: singular matrix:  check nodes  and 

Warning: source stepping failed
Note: Transient op started
Note: Transient op finished successfully

No. of Data Rows : 121
ERROR: (internal)  This operation is not defined for display type PrinterOnly.
Can't open viewport for graphics.

The file "nmos_inverter_10k.ps" has the Scalable Vector Graphics format.

The file "nmos_inverter_10k.svg" has the Scalable Vector Graphics format.
Note: No ".plot", ".print", or ".fourier" lines; no simulations run
